warning: method `position` is never used
   --> crates/uor-r4-core/src/native_geometric/learner/observed_text_session.rs:175:8
    |
168 | impl ObservedSpan {
    | ----------------- method in this implementation
...
175 |     fn position(&self) -> (u32, u32, usize) {
    |        ^^^^^^^^
    |
    = note: `#[warn(dead_code)]` (part of `#[warn(unused)]`) on by default

warning: method `example` is never used
    --> crates/uor-r4-core/src/native_geometric/learner/transferable_lexical.rs:1590:8
     |
1405 | impl TlTrainer {
     | -------------- method in this implementation
...
1590 |     fn example(&self, q: &TlQuant, ex: &TlExample) -> TlGrads {
     |        ^^^^^^^

warning: `uor-r4-core` (lib) generated 2 warnings
   Compiling uor-r4-training v0.1.0 (/Users/casey.allard/uor-r4/.worktrees/b0-flock-20260929/crates/uor-r4-training)
    Finished `release` profile [optimized] target(s) in 52.61s
     Running unittests src/lib.rs (target/release/deps/uor_r4_training-47df90b359e7e981)
