    Finished `test` profile [unoptimized + debuginfo] target(s) in 0.13s
     Running unittests src/lib.rs (/Users/casey.allard/.cache/uor-r4-lab-system/target/debug/deps/lab_runner-9ce7f901a8743646)

running 84 tests
test admission::tests::at_most_one_gpu_job ... ok
test admission::tests::empty_runner_admits_anything_valid ... ok
test admission::tests::exclusive_blocks_and_is_blocked ... ok
test admission::tests::gpu_memory_counts_toward_rss_budget ... ok
test admission::tests::rss_limit_is_enforced ... ok
test admission::tests::thread_limit_is_enforced ... ok
test agent::tests::installer_rejects_missing_program_and_dangling_external_aliases ... ok
test agent::tests::plist_mentions_label_paths_and_keepalive ... ok
test agent::tests::write_plist_targets_a_tempdir_and_prints_bootstrap ... ok
test coord::tests::actual_runner_root_must_match_reservation ... ok
test coord::tests::additional_reservations_do_not_relax_per_issue_or_attempt_identity_fences ... ok
test coord::tests::admission_fences_host_generation_spec_and_finalization ... ok
test coord::tests::cancelled_queue_receipt_can_release_only_without_launch_intent ... ok
test coord::tests::complete_rejects_an_assertion_or_a_missing_receipt ... ok
test coord::tests::completion_requires_exact_merged_head_and_main_ancestry ... ok
test coord::tests::completion_requires_full_scope_independent_acceptance_and_current_generation ... ok
test coord::tests::event_parser_rejects_unknown_fields_and_malformed_envelopes ... ok
test coord::tests::exclusive_task_blocks_partner_until_finalized ... ok
test coord::tests::host_reservations_account_threads_and_memory_before_reserving ... ok
test coord::tests::host_reservations_reject_different_roots_unbound_specs_and_exclusive_jobs ... ok
test coord::tests::independent_git_contenders_cannot_both_commit_the_same_claim ... ok
test coord::tests::initial_reservation_cannot_exceed_host_resource_limits ... ok
test coord::tests::lost_successful_push_reply_is_recovered_without_a_second_event ... ok
test coord::tests::multiple_reservations_of_either_lane_fit_actual_resource_limits ... ok
test coord::tests::native_blockers_fail_closed_even_when_local_dependency_list_is_empty ... ok
test coord::tests::ordinary_and_validation_share_only_one_runner_and_keep_queue_fence ... ok
test coord::tests::ownership_expires_and_old_epoch_cannot_revive ... ok
test coord::tests::policy_and_work_card_versions_fence_new_work ... ok
test coord::tests::pre_spawn_reconciliation_requires_positive_bound_proof_and_zero_extra_cost ... ok
test coord::tests::queued_cancel_requires_positive_never_started_evidence ... ok
test coord::tests::rejected_transition_has_no_partial_mutation ... ok
test coord::tests::server_date_is_not_local_time ... ok
test coord::tests::source_ownership_rejects_path_aliases ... ok
test coord::tests::state_and_typed_events_round_trip_without_losing_resource_bindings ... ok
test coord::tests::takeover_does_not_release_running_attempt ... ok
test coord::tests::third_reservation_accounts_full_memory_union_and_all_identities ... ok
test coord::tests::three_reservations_require_every_other_exact_local_running_spec ... ok
test coord::tests::unavailable_heartbeat_never_extends_a_lease ... ok
test coord::tests::unknown_or_mismatched_exit_never_releases_reservation ... ok
test coord::tests::unresolved_other_queue_reservation_prevents_undercounting ... ok
test daemon::tests::failed_hash_late_policy_and_budget_have_positive_unstarted_proofs ... ok
test daemon::tests::failed_or_timed_out_verifier_never_opens_payload_and_preserves_receipt ... ok
test daemon::tests::late_admission_keeps_partner_and_combined_budget ... ok
test daemon::tests::pending_verifier_keeps_partner_monitored_and_opens_payload_once ... ok
test daemon::tests::production_validator_defers_only_exact_completed_peer_until_finalized ... ok
test daemon::tests::recovered_wall_clock_is_estimated_in_both_exit_and_charge ... ok
test daemon::tests::unknown_monitor_preserves_paths_child_and_charge_until_stopped_reconciliation ... ok
test github_sync::tests::identity_is_stable_across_collection_times_and_changes_on_edit ... ok
test github_sync::tests::server_window_overlaps_and_future_restores_force_full_reconciliation ... ok
test host::tests::absent_volume_is_never_created ... ok
test host::tests::concurrency_has_no_lane_quota_and_preserves_exclusivity ... ok
test host::tests::concurrent_cargo_requires_disjoint_real_caches ... ok
test host::tests::critical_and_unknown_pressure_never_admit_even_with_global_override ... ok
test host::tests::legacy_serialization_omits_lane_and_new_lane_enforces_limits ... ok
test host::tests::pressure_approval_does_not_skip_disabled_admission ... ok
test host::tests::production_rejects_unowned_command_criterion ... ok
test host::tests::reviewed_spec_cannot_exceed_small_check_bounds ... ok
test host::tests::warning_requires_exact_reviewed_spec_and_legacy_policy_stays_normal ... ok
test ledger::tests::concurrent_charges_survive_and_duplicate_copies_do_not_double_charge ... ok
test ledger::tests::execution_metadata_distinguishes_estimate_and_old_bytes_remain_retryable ... ok
test ledger::tests::extension_never_resets_prior_charge_and_corruption_is_rejected ... ok
test ledger::tests::external_legacy_drift_blocks_only_admission_until_reviewed_import ... ok
test ledger::tests::historical_fixture_requires_explicit_coverage_and_preserves_late_event ... ok
test ledger::tests::idempotent_charge_repairs_missing_view_and_rejects_conflict ... ok
test ledger::tests::programme_corrections_are_hash_bound_idempotent_and_cannot_overdraw ... ok
test maintenance::retained_tests::retained_input_cannot_escape_scope_via_parent_traversal_or_alias ... ok
test outbox::tests::durable_retirement_preserves_original_and_unblocks_later_intent ... ok
test outbox::tests::pending_event_survives_failed_network_and_conflicting_retry_is_rejected ... ok
test outbox::tests::retirement_requires_positive_staleness_not_transient_failure ... ok
test process::tests::legacy_live_identity_cannot_signal_but_same_host_absence_can_be_reconciled ... uor-owned-supervisor-v1: line 1: 29651 Terminated: 15          "$@"
ok
test process::tests::nonce_mismatch_never_signals_the_process ... uor-owned-supervisor-v1: line 1: 29744 Terminated: 15          "$@"
ok
test process::tests::stable_boot_schemes_validate_uuid_and_never_promote_legacy_time_drift ... ok
test process::tests::term_handlers_get_bounded_grace_without_claiming_checkpoint_success ... uor-owned-supervisor-v1: line 1: 29815 Killed: 9               "$@"
Terminated: 15
ok
test process::tests::verified_prior_boot_has_no_surviving_process_members ... ok
test spec::tests::empty_argv_and_missing_cwd_are_rejected ... ok
test spec::tests::log_match_requires_a_value ... ok
test spec::tests::missing_kill_criterion_names_the_field ... ok
test spec::tests::missing_wall_s_names_the_field ... ok
test spec::tests::provenance_rejects_changed_executable_input_and_untracked_source ... ok
test spec::tests::valid_spec_parses ... ok
test tests::atomic_write_round_trips ... ok
test tests::civil_from_days_matches_known_dates ... ok
test tests::sanitize_component_replaces_unsafe_bytes ... ok
test tests::utc_iso_format_is_stable ... ok

test result: ok. 84 passed; 0 failed; 0 ignored; 0 measured; 0 filtered out; finished in 16.45s

